Copyright 1986-2022 Xilinx, Inc. All Rights Reserved. Copyright 2022-2023 Advanced Micro Devices, Inc. All Rights Reserved.
---------------------------------------------------------------------------------------------------------------------------------------------
| Tool Version : Vivado v.2023.2 (win64) Build 4029153 Fri Oct 13 20:14:34 MDT 2023
| Date         : Wed Feb 12 00:27:06 2025
| Host         : DESKTOP-U9NB2CD running 64-bit major release  (build 9200)
| Command      : report_control_sets -verbose -file top_control_sets_placed.rpt
| Design       : top
| Device       : xcku3p
---------------------------------------------------------------------------------------------------------------------------------------------

Control Set Information

Table of Contents
-----------------
1. Summary
2. Histogram
3. Flip-Flop Distribution
4. Detailed Control Set Information

1. Summary
----------

+----------------------------------------------------------+-------+
|                          Status                          | Count |
+----------------------------------------------------------+-------+
| Total control sets                                       |    70 |
|    Minimum number of control sets                        |    70 |
|    Addition due to synthesis replication                 |     0 |
|    Addition due to physical synthesis replication        |     0 |
| Unused register locations in slices containing registers |    55 |
+----------------------------------------------------------+-------+
* Control sets can be merged at opt_design using control_set_merge or merge_equivalent_drivers
** Run report_qor_suggestions for automated merging and remapping suggestions


2. Histogram
------------

+--------------------+-------+
|       Fanout       | Count |
+--------------------+-------+
| Total control sets |    70 |
| >= 0 to < 4        |     9 |
| >= 4 to < 6        |     5 |
| >= 6 to < 8        |     0 |
| >= 8 to < 10       |     6 |
| >= 10 to < 12      |     4 |
| >= 12 to < 14      |     1 |
| >= 14 to < 16      |     0 |
| >= 16              |    45 |
+--------------------+-------+
* Control sets can be remapped at either synth_design or opt_design


3. Flip-Flop Distribution
-------------------------

+--------------+-----------------------+------------------------+-----------------+--------------+
| Clock Enable | Synchronous Set/Reset | Asynchronous Set/Reset | Total Registers | Total Slices |
+--------------+-----------------------+------------------------+-----------------+--------------+
| No           | No                    | No                     |             920 |          184 |
| No           | No                    | Yes                    |            2355 |          603 |
| No           | Yes                   | No                     |              78 |           16 |
| Yes          | No                    | No                     |             300 |           76 |
| Yes          | No                    | Yes                    |            5293 |          902 |
| Yes          | Yes                   | No                     |             539 |           75 |
+--------------+-----------------------+------------------------+-----------------+--------------+


4. Detailed Control Set Information
-----------------------------------

+-------------------------------------+-------------------------------------------------------------------------------------------------------------------------------------------+------------------------------------------------------------------------------------------------------------------------------------------------------------+------------------+----------------+--------------+
|             Clock Signal            |                                                               Enable Signal                                                               |                                                                      Set/Reset Signal                                                                      | Slice Load Count | Bel Load Count | Bels / Slice |
+-------------------------------------+-------------------------------------------------------------------------------------------------------------------------------------------+------------------------------------------------------------------------------------------------------------------------------------------------------------+------------------+----------------+--------------+
| ~ftdi_clk_i_IBUF_BUFG               | rst_i_IBUF_inst/O                                                                                                                         |                                                                                                                                                            |                1 |              1 |         1.00 |
|  ftdi_clk_i_IBUF_BUFG               |                                                                                                                                           | input_memory_fifo/input_cdc_fifo/U0/inst_fifo_gen/gconvfifo.rf/grf.rf/rstblk/ngwrdrst.grst.g7serrst.gsckt_wrst.xpm_cdc_sync_rst_inst_wrst/syncstages_ff[4] |                1 |              1 |         1.00 |
| ~ftdi_clk_i_IBUF_BUFG               | ft600_send_recv/reg_ftdi_wr_n_i_1_n_0                                                                                                     | rst_i_IBUF_inst/O                                                                                                                                          |                1 |              1 |         1.00 |
|  ftdi_clk_i_IBUF_BUFG               |                                                                                                                                           | input_memory_fifo/input_cdc_fifo/U0/inst_fifo_gen/gconvfifo.rf/grf.rf/rstblk/ngwrdrst.grst.g7serrst.gsckt_wrst.gic_rst.sckt_wr_rst_ic_reg_0                |                1 |              2 |         2.00 |
|  clocking_gen.sys_clk/inst/clk_out1 | compression_core/gen_channels[1].channel_inst/pixel_transpose/FSM_onehot_wr_state_r[2]_i_1__0_n_0                                         | rst_i_IBUF_inst/O                                                                                                                                          |                2 |              3 |         1.50 |
|  clocking_gen.sys_clk/inst/clk_out1 | compression_core/gen_channels[0].channel_inst/pixel_transpose/FSM_onehot_wr_state_r[2]_i_1_n_0                                            | rst_i_IBUF_inst/O                                                                                                                                          |                1 |              3 |         3.00 |
|  clocking_gen.sys_clk/inst/clk_out1 | compression_core/gen_channels[1].channel_inst/row_dct/valid_o                                                                             | rst_i_IBUF_inst/O                                                                                                                                          |                1 |              3 |         3.00 |
|  clocking_gen.sys_clk/inst/clk_out1 | compression_core/gen_channels[2].channel_inst/row_dct/valid_o                                                                             | rst_i_IBUF_inst/O                                                                                                                                          |                1 |              3 |         3.00 |
|  clocking_gen.sys_clk/inst/clk_out1 | compression_core/gen_channels[0].channel_inst/row_dct/valid_o                                                                             | rst_i_IBUF_inst/O                                                                                                                                          |                1 |              3 |         3.00 |
| ~ftdi_clk_i_IBUF_BUFG               | ft600_send_recv/reg_LED_data_out[3]_i_1_n_0                                                                                               | rst_i_IBUF_inst/O                                                                                                                                          |                1 |              4 |         4.00 |
|  clocking_gen.sys_clk/inst/clk_out1 | compression_core/gen_channels[2].channel_inst/pixel_transpose/FSM_sequential_rd_state_r[1]_i_1__1_n_0                                     | rst_i_IBUF_inst/O                                                                                                                                          |                2 |              4 |         2.00 |
|  clocking_gen.sys_clk/inst/clk_out1 | gen_image_statistics.image_statistics_core/statistics_core_gradient/CE                                                                    | gen_image_statistics.image_statistics_core/statistics_core_gradient/std_dev_sqrt/U0/i_synth/i_has_aresetn.i_reg_reset/opt_has_pipe.first_q                 |                1 |              4 |         4.00 |
|  clocking_gen.sys_clk/inst/clk_out1 | compression_core/gen_channels[1].channel_inst/pixel_transpose/FSM_sequential_rd_state_r[1]_i_1__0_n_0                                     | rst_i_IBUF_inst/O                                                                                                                                          |                2 |              5 |         2.50 |
|  clocking_gen.sys_clk/inst/clk_out1 | compression_core/gen_channels[0].channel_inst/pixel_transpose/FSM_sequential_rd_state_r[1]_i_1_n_0                                        | rst_i_IBUF_inst/O                                                                                                                                          |                3 |              5 |         1.67 |
|  ftdi_clk_i_IBUF_BUFG               | ft600_send_recv/reg_ftdi_data_i_n_0                                                                                                       |                                                                                                                                                            |                6 |              8 |         1.33 |
|  ftdi_clk_i_IBUF_BUFG               | ft600_send_recv/reg_ftdi_data_i[15]_i_1_n_0                                                                                               |                                                                                                                                                            |                2 |              8 |         4.00 |
|  clocking_gen.sys_clk/inst/clk_out1 | compression_core/gen_channels[2].channel_inst/gen_subsample.pixel_subsampler_inst/p_0_in                                                  | rst_i_IBUF_inst/O                                                                                                                                          |                2 |              8 |         4.00 |
|  clocking_gen.sys_clk/inst/clk_out1 | rgb_to_ycrcb/valid_delay_reg/shift_reg_reg[0][5]_0[0]                                                                                     | rst_i_IBUF_inst/O                                                                                                                                          |                2 |              8 |         4.00 |
|  clocking_gen.sys_clk/inst/clk_out1 | compression_core/gen_channels[0].channel_inst/gen_subsample.pixel_subsampler_inst/p_0_in                                                  | rst_i_IBUF_inst/O                                                                                                                                          |                2 |              8 |         4.00 |
|  clocking_gen.sys_clk/inst/clk_out1 | gen_image_statistics.image_statistics_core/statistics_core_gradient/std_dev_sqrt/U0/i_synth/i_synth/gen_sqrt.square_root/gen_rdy_int/E[0] | gen_image_statistics.image_statistics_core/statistics_core_gradient/std_dev_sqrt/U0/i_synth/i_has_aresetn.i_reg_reset/opt_has_pipe.first_q                 |                3 |              9 |         3.00 |
| ~ftdi_clk_i_IBUF_BUFG               | rst_i_IBUF_inst/O                                                                                                                         | output_memory/output_ram_rd_addr0                                                                                                                          |                2 |             10 |         5.00 |
|  clocking_gen.sys_clk/inst/clk_out1 | gen_image_statistics.image_statistics_core/gradient_core/valid_x                                                                          | rst_i_IBUF_inst/O                                                                                                                                          |                4 |             10 |         2.50 |
|  clocking_gen.sys_clk/inst/clk_out1 | gen_image_statistics.image_statistics_core/laplacian_core/valid_x                                                                         | rst_i_IBUF_inst/O                                                                                                                                          |                3 |             11 |         3.67 |
|  clocking_gen.sys_clk/inst/clk_out1 |                                                                                                                                           | input_memory_fifo/input_cdc_fifo/U0/inst_fifo_gen/gconvfifo.rf/grf.rf/rstblk/SR[0]                                                                         |                5 |             11 |         2.20 |
|  clocking_gen.sys_clk/inst/clk_out1 | compression_core/gen_channels[2].channel_inst/pixel_transpose/FSM_onehot_wr_state_r[2]_i_1__1_n_0                                         | rst_i_IBUF_inst/O                                                                                                                                          |                8 |             13 |         1.62 |
|  clocking_gen.sys_clk/inst/clk_out1 | gen_image_statistics.image_statistics_core/statistics_core_laplacian/valid_o0                                                             | rst_i_IBUF_inst/O                                                                                                                                          |                7 |             16 |         2.29 |
|  clocking_gen.sys_clk/inst/clk_out1 | input_memory_fifo/input_cdc_fifo/U0/inst_fifo_gen/gconvfifo.rf/grf.rf/gntv_or_sync_fifo.gl0.rd/gr1.gr1_int.rfwft/ram_empty_fb_i_reg[0]    | input_memory_fifo/input_cdc_fifo/U0/inst_fifo_gen/gconvfifo.rf/grf.rf/rstblk/SR[0]                                                                         |                3 |             20 |         6.67 |
|  clocking_gen.sys_clk/inst/clk_out1 | input_memory_fifo/input_cdc_fifo/U0/inst_fifo_gen/gconvfifo.rf/grf.rf/gntv_or_sync_fifo.gl0.rd/gr1.gr1_int.rfwft/E[0]                     | input_memory_fifo/input_cdc_fifo/U0/inst_fifo_gen/gconvfifo.rf/grf.rf/rstblk/SR[0]                                                                         |                5 |             24 |         4.80 |
|  clocking_gen.sys_clk/inst/clk_out1 | input_memory_fifo/rd_en_delay/E[0]                                                                                                        | rst_i_IBUF_inst/O                                                                                                                                          |                5 |             24 |         4.80 |
|  clocking_gen.sys_clk/inst/clk_out1 | compression_core/gen_channels[1].channel_inst/pixel_transpose/wr_counter_r                                                                | compression_core/gen_channels[1].channel_inst/pixel_transpose/wr_counter_r[31]_i_1__0_n_0                                                                  |                6 |             31 |         5.17 |
|  clocking_gen.sys_clk/inst/clk_out1 | compression_core/gen_channels[2].channel_inst/pixel_transpose/wr_counter_r                                                                | compression_core/gen_channels[2].channel_inst/pixel_transpose/wr_counter_r[31]_i_1__1_n_0                                                                  |                6 |             31 |         5.17 |
|  clocking_gen.sys_clk/inst/clk_out1 | compression_core/gen_channels[0].channel_inst/pixel_transpose/wr_counter_r                                                                | compression_core/gen_channels[0].channel_inst/pixel_transpose/wr_counter_r[31]_i_1_n_0                                                                     |                5 |             31 |         6.20 |
|  clocking_gen.sys_clk/inst/clk_out1 | gen_image_statistics.image_statistics_core/statistics_core_gradient/valid_o0                                                              | rst_i_IBUF_inst/O                                                                                                                                          |               14 |             32 |         2.29 |
| ~ftdi_clk_i_IBUF_BUFG               | ft600_send_recv/temp_LED_data                                                                                                             | rst_i_IBUF_inst/O                                                                                                                                          |               13 |             32 |         2.46 |
|  ftdi_clk_i_IBUF_BUFG               | input_memory_fifo/input_cdc_fifo/U0/inst_fifo_gen/gconvfifo.rf/grf.rf/gntv_or_sync_fifo.gl0.wr/gwas.wsts/E[0]                             | input_memory_fifo/input_cdc_fifo/U0/inst_fifo_gen/gconvfifo.rf/grf.rf/rstblk/ngwrdrst.grst.g7serrst.gsckt_wrst.gic_rst.sckt_wr_rst_ic_reg_0                |                5 |             33 |         6.60 |
| ~ftdi_clk_i_IBUF_BUFG               |                                                                                                                                           | rst_i_IBUF_inst/O                                                                                                                                          |               11 |             38 |         3.45 |
|  clocking_gen.sys_clk/inst/clk_out1 | compression_core/gen_channels[0].channel_inst/quantizer/E[0]                                                                              | rst_i_IBUF_inst/O                                                                                                                                          |                7 |             39 |         5.57 |
|  clocking_gen.sys_clk/inst/clk_out1 | gen_image_statistics.image_statistics_core/statistics_core_gradient/vsum_shifted0                                                         | rst_i_IBUF_inst/O                                                                                                                                          |               11 |             56 |         5.09 |
|  clocking_gen.sys_clk/inst/clk_out1 | gen_image_statistics.image_statistics_core/statistics_core_laplacian/vsum_shifted0                                                        | rst_i_IBUF_inst/O                                                                                                                                          |               14 |             56 |         4.00 |
|  clocking_gen.sys_clk/inst/clk_out1 | compression_core/gen_channels[2].channel_inst/gen_subsample.input_sipo_reg/data_o[63]_i_1__3_n_0                                          | rst_i_IBUF_inst/O                                                                                                                                          |               10 |             64 |         6.40 |
|  clocking_gen.sys_clk/inst/clk_out1 | compression_core/gen_channels[1].channel_inst/gen_subsample.input_sipo_reg/data_o[63]_i_1__1_n_0                                          | rst_i_IBUF_inst/O                                                                                                                                          |               13 |             64 |         4.92 |
|  clocking_gen.sys_clk/inst/clk_out1 | compression_core/gen_channels[0].channel_inst/gen_subsample.input_sipo_reg/data_o[63]_i_1_n_0                                             | rst_i_IBUF_inst/O                                                                                                                                          |               15 |             64 |         4.27 |
|  clocking_gen.sys_clk/inst/clk_out1 | gen_image_statistics.image_statistics_core/statistics_core_gradient/CE                                                                    |                                                                                                                                                            |               16 |             66 |         4.12 |
|  clocking_gen.sys_clk/inst/clk_out1 | compression_core/gen_channels[2].channel_inst/pixel_divider/valid_delay/Q[0]                                                              | rst_i_IBUF_inst/O                                                                                                                                          |               32 |             72 |         2.25 |
|  clocking_gen.sys_clk/inst/clk_out1 | gen_image_statistics.image_statistics_core/input_sipo/data_o                                                                              | rst_i_IBUF_inst/O                                                                                                                                          |               22 |             72 |         3.27 |
|  clocking_gen.sys_clk/inst/clk_out1 | compression_core/gen_channels[0].channel_inst/pixel_divider/valid_delay/Q[0]                                                              | rst_i_IBUF_inst/O                                                                                                                                          |               29 |             72 |         2.48 |
|  clocking_gen.sys_clk/inst/clk_out1 | compression_core/gen_channels[1].channel_inst/pixel_divider/valid_delay/Q[0]                                                              | rst_i_IBUF_inst/O                                                                                                                                          |               28 |             72 |         2.57 |
|  clocking_gen.sys_clk/inst/clk_out1 | gen_image_statistics.image_statistics_core/E[0]                                                                                           | rst_i_IBUF_inst/O                                                                                                                                          |               18 |             72 |         4.00 |
|  clocking_gen.sys_clk/inst/clk_out1 | gen_image_statistics.image_statistics_core/statistics_core_laplacian/CE                                                                   | gen_image_statistics.image_statistics_core/statistics_core_laplacian/dsp_vsum_mac_i_1__0_n_0                                                               |                7 |             75 |        10.71 |
|  clocking_gen.sys_clk/inst/clk_out1 | gen_image_statistics.image_statistics_core/statistics_core_gradient/CE                                                                    | gen_image_statistics.image_statistics_core/statistics_core_gradient/dsp_vsum_mac_i_1_n_0                                                                   |                7 |             75 |        10.71 |
|  clocking_gen.sys_clk/inst/clk_out1 | compression_core/gen_channels[2].channel_inst/col_dct/valid_delay/E[0]                                                                    | rst_i_IBUF_inst/O                                                                                                                                          |               18 |             80 |         4.44 |
|  clocking_gen.sys_clk/inst/clk_out1 | compression_core/gen_channels[1].channel_inst/col_dct/valid_delay/E[0]                                                                    | rst_i_IBUF_inst/O                                                                                                                                          |               15 |             80 |         5.33 |
|  clocking_gen.sys_clk/inst/clk_out1 | compression_core/gen_channels[0].channel_inst/col_dct/valid_delay/E[0]                                                                    | rst_i_IBUF_inst/O                                                                                                                                          |               19 |             80 |         4.21 |
|  ftdi_clk_i_IBUF_BUFG               |                                                                                                                                           |                                                                                                                                                            |               22 |             82 |         3.73 |
|  clocking_gen.sys_clk/inst/clk_out1 | compression_core/gen_channels[1].channel_inst/row_dct/valid_delay/E[0]                                                                    | rst_i_IBUF_inst/O                                                                                                                                          |               22 |             96 |         4.36 |
|  clocking_gen.sys_clk/inst/clk_out1 | compression_core/gen_channels[0].channel_inst/row_dct/valid_delay/E[0]                                                                    | rst_i_IBUF_inst/O                                                                                                                                          |               27 |             96 |         3.56 |
|  clocking_gen.sys_clk/inst/clk_out1 | compression_core/gen_channels[2].channel_inst/row_dct/valid_delay/E[0]                                                                    | rst_i_IBUF_inst/O                                                                                                                                          |               23 |             96 |         4.17 |
|  clocking_gen.sys_clk/inst/clk_out1 | gen_image_statistics.image_statistics_core/input_sipo/valid_o_reg_0[0]                                                                    | rst_i_IBUF_inst/O                                                                                                                                          |               36 |            104 |         2.89 |
|  clocking_gen.sys_clk/inst/clk_out1 | gen_image_statistics.image_statistics_core/statistics_core_gradient/CE                                                                    | rst_i_IBUF_inst/O                                                                                                                                          |               31 |            155 |         5.00 |
|  clocking_gen.sys_clk/inst/clk_out1 | gen_image_statistics.image_statistics_core/statistics_core_laplacian/CE                                                                   | rst_i_IBUF_inst/O                                                                                                                                          |               22 |            155 |         7.05 |
|  clocking_gen.sys_clk/inst/clk_out1 | compression_core/gen_channels[0].channel_inst/gen_subsample.pixel_subsampler_inst/E[0]                                                    | rst_i_IBUF_inst/O                                                                                                                                          |               39 |            192 |         4.92 |
|  clocking_gen.sys_clk/inst/clk_out1 | rst_i_IBUF_inst/O                                                                                                                         |                                                                                                                                                            |               52 |            221 |         4.25 |
|  clocking_gen.sys_clk/inst/clk_out1 | compression_core/gen_channels[0].channel_inst/pixel_transpose/pixel_bank_1                                                                | rst_i_IBUF_inst/O                                                                                                                                          |              112 |            576 |         5.14 |
|  clocking_gen.sys_clk/inst/clk_out1 | compression_core/gen_channels[2].channel_inst/pixel_transpose/pixel_bank_0                                                                | rst_i_IBUF_inst/O                                                                                                                                          |              123 |            576 |         4.68 |
|  clocking_gen.sys_clk/inst/clk_out1 | compression_core/gen_channels[2].channel_inst/pixel_transpose/pixel_bank_1                                                                | rst_i_IBUF_inst/O                                                                                                                                          |              108 |            576 |         5.33 |
|  clocking_gen.sys_clk/inst/clk_out1 | compression_core/gen_channels[0].channel_inst/pixel_transpose/pixel_bank_0                                                                | rst_i_IBUF_inst/O                                                                                                                                          |              113 |            576 |         5.10 |
|  clocking_gen.sys_clk/inst/clk_out1 | compression_core/gen_channels[1].channel_inst/pixel_transpose/pixel_bank_0                                                                | rst_i_IBUF_inst/O                                                                                                                                          |              131 |            576 |         4.40 |
|  clocking_gen.sys_clk/inst/clk_out1 | compression_core/gen_channels[1].channel_inst/pixel_transpose/pixel_bank_1                                                                | rst_i_IBUF_inst/O                                                                                                                                          |              112 |            576 |         5.14 |
|  clocking_gen.sys_clk/inst/clk_out1 |                                                                                                                                           |                                                                                                                                                            |              191 |           1709 |         8.95 |
|  clocking_gen.sys_clk/inst/clk_out1 |                                                                                                                                           | rst_i_IBUF_inst/O                                                                                                                                          |              601 |           2381 |         3.96 |
+-------------------------------------+-------------------------------------------------------------------------------------------------------------------------------------------+------------------------------------------------------------------------------------------------------------------------------------------------------------+------------------+----------------+--------------+


