Copyright 1986-2022 Xilinx, Inc. All Rights Reserved. Copyright 2022-2023 Advanced Micro Devices, Inc. All Rights Reserved.
--------------------------------------------------------------------------------------------------------------------------------------------------------------------------------------------------
| Tool Version : Vivado v.2023.2 (win64) Build 4029153 Fri Oct 13 20:14:34 MDT 2023
| Date         : Mon Jan 13 22:10:11 2025
| Host         : DESKTOP-U9NB2CD running 64-bit major release  (build 9200)
| Command      : report_methodology -file image_statistics_top_methodology_drc_routed.rpt -pb image_statistics_top_methodology_drc_routed.pb -rpx image_statistics_top_methodology_drc_routed.rpx
| Design       : image_statistics_top
| Device       : xcku3p-ffva676-2-i
| Speed File   : -2
| Design State : Fully Routed
--------------------------------------------------------------------------------------------------------------------------------------------------------------------------------------------------

Report Methodology

Table of Contents
-----------------
1. REPORT SUMMARY
2. REPORT DETAILS

1. REPORT SUMMARY
-----------------
            Netlist: netlist
          Floorplan: design_1
      Design limits: <entire design considered>
             Max violations: <unlimited>
             Violations found: 199
+-----------+----------+--------------------------------+------------+
| Rule      | Severity | Description                    | Violations |
+-----------+----------+--------------------------------+------------+
| LUTAR-1   | Warning  | LUT drives async reset alert   | 2          |
| TIMING-18 | Warning  | Missing input or output delay  | 124        |
| TIMING-20 | Warning  | Non-clocked latch              | 72         |
| LATCH-1   | Advisory | Existing latches in the design | 1          |
+-----------+----------+--------------------------------+------------+

2. REPORT DETAILS
-----------------
LUTAR-1#1 Warning
LUT drives async reset alert  
LUT cell gradient_core/htsum_shifted[17]_i_1__0, with 2 or more inputs, drives asynchronous preset/clear pin(s) statistics_core_gradient/vsum_shifted_reg[36]/CLR,
statistics_core_gradient/vsum_shifted_reg[37]/CLR,
statistics_core_gradient/vsum_shifted_reg[38]/CLR,
statistics_core_gradient/vsum_shifted_reg[39]/CLR,
statistics_core_gradient/vsum_shifted_reg[3]/CLR,
statistics_core_gradient/vsum_shifted_reg[40]/CLR,
statistics_core_gradient/vsum_shifted_reg[41]/CLR,
statistics_core_gradient/vsum_shifted_reg[42]/CLR,
statistics_core_gradient/vsum_shifted_reg[43]/CLR,
statistics_core_gradient/vsum_shifted_reg[4]/CLR,
statistics_core_gradient/vsum_shifted_reg[5]/CLR,
statistics_core_gradient/vsum_shifted_reg[6]/CLR,
statistics_core_gradient/vsum_shifted_reg[7]/CLR,
statistics_core_gradient/vsum_shifted_reg[8]/CLR,
statistics_core_gradient/vsum_shifted_reg[9]/CLR
 (the first 15 of 63 listed). The LUT may glitch and trigger an unexpected reset, even if it is a properly timed path.
Related violations: <none>

LUTAR-1#2 Warning
LUT drives async reset alert  
LUT cell laplacian_core/htsum_shifted[17]_i_1, with 2 or more inputs, drives asynchronous preset/clear pin(s) statistics_core_laplacian/vsum_shifted_reg[36]/CLR,
statistics_core_laplacian/vsum_shifted_reg[37]/CLR,
statistics_core_laplacian/vsum_shifted_reg[38]/CLR,
statistics_core_laplacian/vsum_shifted_reg[39]/CLR,
statistics_core_laplacian/vsum_shifted_reg[3]/CLR,
statistics_core_laplacian/vsum_shifted_reg[40]/CLR,
statistics_core_laplacian/vsum_shifted_reg[41]/CLR,
statistics_core_laplacian/vsum_shifted_reg[42]/CLR,
statistics_core_laplacian/vsum_shifted_reg[43]/CLR,
statistics_core_laplacian/vsum_shifted_reg[4]/CLR,
statistics_core_laplacian/vsum_shifted_reg[5]/CLR,
statistics_core_laplacian/vsum_shifted_reg[6]/CLR,
statistics_core_laplacian/vsum_shifted_reg[7]/CLR,
statistics_core_laplacian/vsum_shifted_reg[8]/CLR,
statistics_core_laplacian/vsum_shifted_reg[9]/CLR
 (the first 15 of 63 listed). The LUT may glitch and trigger an unexpected reset, even if it is a properly timed path.
Related violations: <none>

TIMING-18#1 Warning
Missing input or output delay  
An input delay is missing on pixel_i[0] relative to the rising and/or falling clock edge(s) of clki.
Related violations: <none>

TIMING-18#2 Warning
Missing input or output delay  
An input delay is missing on pixel_i[10] relative to the rising and/or falling clock edge(s) of clki.
Related violations: <none>

TIMING-18#3 Warning
Missing input or output delay  
An input delay is missing on pixel_i[11] relative to the rising and/or falling clock edge(s) of clki.
Related violations: <none>

TIMING-18#4 Warning
Missing input or output delay  
An input delay is missing on pixel_i[12] relative to the rising and/or falling clock edge(s) of clki.
Related violations: <none>

TIMING-18#5 Warning
Missing input or output delay  
An input delay is missing on pixel_i[13] relative to the rising and/or falling clock edge(s) of clki.
Related violations: <none>

TIMING-18#6 Warning
Missing input or output delay  
An input delay is missing on pixel_i[14] relative to the rising and/or falling clock edge(s) of clki.
Related violations: <none>

TIMING-18#7 Warning
Missing input or output delay  
An input delay is missing on pixel_i[15] relative to the rising and/or falling clock edge(s) of clki.
Related violations: <none>

TIMING-18#8 Warning
Missing input or output delay  
An input delay is missing on pixel_i[16] relative to the rising and/or falling clock edge(s) of clki.
Related violations: <none>

TIMING-18#9 Warning
Missing input or output delay  
An input delay is missing on pixel_i[17] relative to the rising and/or falling clock edge(s) of clki.
Related violations: <none>

TIMING-18#10 Warning
Missing input or output delay  
An input delay is missing on pixel_i[18] relative to the rising and/or falling clock edge(s) of clki.
Related violations: <none>

TIMING-18#11 Warning
Missing input or output delay  
An input delay is missing on pixel_i[19] relative to the rising and/or falling clock edge(s) of clki.
Related violations: <none>

TIMING-18#12 Warning
Missing input or output delay  
An input delay is missing on pixel_i[1] relative to the rising and/or falling clock edge(s) of clki.
Related violations: <none>

TIMING-18#13 Warning
Missing input or output delay  
An input delay is missing on pixel_i[20] relative to the rising and/or falling clock edge(s) of clki.
Related violations: <none>

TIMING-18#14 Warning
Missing input or output delay  
An input delay is missing on pixel_i[21] relative to the rising and/or falling clock edge(s) of clki.
Related violations: <none>

TIMING-18#15 Warning
Missing input or output delay  
An input delay is missing on pixel_i[22] relative to the rising and/or falling clock edge(s) of clki.
Related violations: <none>

TIMING-18#16 Warning
Missing input or output delay  
An input delay is missing on pixel_i[23] relative to the rising and/or falling clock edge(s) of clki.
Related violations: <none>

TIMING-18#17 Warning
Missing input or output delay  
An input delay is missing on pixel_i[2] relative to the rising and/or falling clock edge(s) of clki.
Related violations: <none>

TIMING-18#18 Warning
Missing input or output delay  
An input delay is missing on pixel_i[3] relative to the rising and/or falling clock edge(s) of clki.
Related violations: <none>

TIMING-18#19 Warning
Missing input or output delay  
An input delay is missing on pixel_i[4] relative to the rising and/or falling clock edge(s) of clki.
Related violations: <none>

TIMING-18#20 Warning
Missing input or output delay  
An input delay is missing on pixel_i[5] relative to the rising and/or falling clock edge(s) of clki.
Related violations: <none>

TIMING-18#21 Warning
Missing input or output delay  
An input delay is missing on pixel_i[6] relative to the rising and/or falling clock edge(s) of clki.
Related violations: <none>

TIMING-18#22 Warning
Missing input or output delay  
An input delay is missing on pixel_i[7] relative to the rising and/or falling clock edge(s) of clki.
Related violations: <none>

TIMING-18#23 Warning
Missing input or output delay  
An input delay is missing on pixel_i[8] relative to the rising and/or falling clock edge(s) of clki.
Related violations: <none>

TIMING-18#24 Warning
Missing input or output delay  
An input delay is missing on pixel_i[9] relative to the rising and/or falling clock edge(s) of clki.
Related violations: <none>

TIMING-18#25 Warning
Missing input or output delay  
An input delay is missing on rst_i relative to the rising and/or falling clock edge(s) of clki.
Related violations: <none>

TIMING-18#26 Warning
Missing input or output delay  
An input delay is missing on valid_i relative to the rising and/or falling clock edge(s) of clki.
Related violations: <none>

TIMING-18#27 Warning
Missing input or output delay  
An output delay is missing on gradient_mean_o[0] relative to the rising and/or falling clock edge(s) of clki.
Related violations: <none>

TIMING-18#28 Warning
Missing input or output delay  
An output delay is missing on gradient_mean_o[10] relative to the rising and/or falling clock edge(s) of clki.
Related violations: <none>

TIMING-18#29 Warning
Missing input or output delay  
An output delay is missing on gradient_mean_o[11] relative to the rising and/or falling clock edge(s) of clki.
Related violations: <none>

TIMING-18#30 Warning
Missing input or output delay  
An output delay is missing on gradient_mean_o[12] relative to the rising and/or falling clock edge(s) of clki.
Related violations: <none>

TIMING-18#31 Warning
Missing input or output delay  
An output delay is missing on gradient_mean_o[13] relative to the rising and/or falling clock edge(s) of clki.
Related violations: <none>

TIMING-18#32 Warning
Missing input or output delay  
An output delay is missing on gradient_mean_o[14] relative to the rising and/or falling clock edge(s) of clki.
Related violations: <none>

TIMING-18#33 Warning
Missing input or output delay  
An output delay is missing on gradient_mean_o[15] relative to the rising and/or falling clock edge(s) of clki.
Related violations: <none>

TIMING-18#34 Warning
Missing input or output delay  
An output delay is missing on gradient_mean_o[1] relative to the rising and/or falling clock edge(s) of clki.
Related violations: <none>

TIMING-18#35 Warning
Missing input or output delay  
An output delay is missing on gradient_mean_o[2] relative to the rising and/or falling clock edge(s) of clki.
Related violations: <none>

TIMING-18#36 Warning
Missing input or output delay  
An output delay is missing on gradient_mean_o[3] relative to the rising and/or falling clock edge(s) of clki.
Related violations: <none>

TIMING-18#37 Warning
Missing input or output delay  
An output delay is missing on gradient_mean_o[4] relative to the rising and/or falling clock edge(s) of clki.
Related violations: <none>

TIMING-18#38 Warning
Missing input or output delay  
An output delay is missing on gradient_mean_o[5] relative to the rising and/or falling clock edge(s) of clki.
Related violations: <none>

TIMING-18#39 Warning
Missing input or output delay  
An output delay is missing on gradient_mean_o[6] relative to the rising and/or falling clock edge(s) of clki.
Related violations: <none>

TIMING-18#40 Warning
Missing input or output delay  
An output delay is missing on gradient_mean_o[7] relative to the rising and/or falling clock edge(s) of clki.
Related violations: <none>

TIMING-18#41 Warning
Missing input or output delay  
An output delay is missing on gradient_mean_o[8] relative to the rising and/or falling clock edge(s) of clki.
Related violations: <none>

TIMING-18#42 Warning
Missing input or output delay  
An output delay is missing on gradient_mean_o[9] relative to the rising and/or falling clock edge(s) of clki.
Related violations: <none>

TIMING-18#43 Warning
Missing input or output delay  
An output delay is missing on gradient_std_dev_o[0] relative to the rising and/or falling clock edge(s) of clki.
Related violations: <none>

TIMING-18#44 Warning
Missing input or output delay  
An output delay is missing on gradient_std_dev_o[10] relative to the rising and/or falling clock edge(s) of clki.
Related violations: <none>

TIMING-18#45 Warning
Missing input or output delay  
An output delay is missing on gradient_std_dev_o[11] relative to the rising and/or falling clock edge(s) of clki.
Related violations: <none>

TIMING-18#46 Warning
Missing input or output delay  
An output delay is missing on gradient_std_dev_o[12] relative to the rising and/or falling clock edge(s) of clki.
Related violations: <none>

TIMING-18#47 Warning
Missing input or output delay  
An output delay is missing on gradient_std_dev_o[13] relative to the rising and/or falling clock edge(s) of clki.
Related violations: <none>

TIMING-18#48 Warning
Missing input or output delay  
An output delay is missing on gradient_std_dev_o[14] relative to the rising and/or falling clock edge(s) of clki.
Related violations: <none>

TIMING-18#49 Warning
Missing input or output delay  
An output delay is missing on gradient_std_dev_o[15] relative to the rising and/or falling clock edge(s) of clki.
Related violations: <none>

TIMING-18#50 Warning
Missing input or output delay  
An output delay is missing on gradient_std_dev_o[1] relative to the rising and/or falling clock edge(s) of clki.
Related violations: <none>

TIMING-18#51 Warning
Missing input or output delay  
An output delay is missing on gradient_std_dev_o[2] relative to the rising and/or falling clock edge(s) of clki.
Related violations: <none>

TIMING-18#52 Warning
Missing input or output delay  
An output delay is missing on gradient_std_dev_o[3] relative to the rising and/or falling clock edge(s) of clki.
Related violations: <none>

TIMING-18#53 Warning
Missing input or output delay  
An output delay is missing on gradient_std_dev_o[4] relative to the rising and/or falling clock edge(s) of clki.
Related violations: <none>

TIMING-18#54 Warning
Missing input or output delay  
An output delay is missing on gradient_std_dev_o[5] relative to the rising and/or falling clock edge(s) of clki.
Related violations: <none>

TIMING-18#55 Warning
Missing input or output delay  
An output delay is missing on gradient_std_dev_o[6] relative to the rising and/or falling clock edge(s) of clki.
Related violations: <none>

TIMING-18#56 Warning
Missing input or output delay  
An output delay is missing on gradient_std_dev_o[7] relative to the rising and/or falling clock edge(s) of clki.
Related violations: <none>

TIMING-18#57 Warning
Missing input or output delay  
An output delay is missing on gradient_std_dev_o[8] relative to the rising and/or falling clock edge(s) of clki.
Related violations: <none>

TIMING-18#58 Warning
Missing input or output delay  
An output delay is missing on gradient_std_dev_o[9] relative to the rising and/or falling clock edge(s) of clki.
Related violations: <none>

TIMING-18#59 Warning
Missing input or output delay  
An output delay is missing on gradient_valid_o relative to the rising and/or falling clock edge(s) of clki.
Related violations: <none>

TIMING-18#60 Warning
Missing input or output delay  
An output delay is missing on gradient_var_o[0] relative to the rising and/or falling clock edge(s) of clki.
Related violations: <none>

TIMING-18#61 Warning
Missing input or output delay  
An output delay is missing on gradient_var_o[10] relative to the rising and/or falling clock edge(s) of clki.
Related violations: <none>

TIMING-18#62 Warning
Missing input or output delay  
An output delay is missing on gradient_var_o[11] relative to the rising and/or falling clock edge(s) of clki.
Related violations: <none>

TIMING-18#63 Warning
Missing input or output delay  
An output delay is missing on gradient_var_o[12] relative to the rising and/or falling clock edge(s) of clki.
Related violations: <none>

TIMING-18#64 Warning
Missing input or output delay  
An output delay is missing on gradient_var_o[13] relative to the rising and/or falling clock edge(s) of clki.
Related violations: <none>

TIMING-18#65 Warning
Missing input or output delay  
An output delay is missing on gradient_var_o[14] relative to the rising and/or falling clock edge(s) of clki.
Related violations: <none>

TIMING-18#66 Warning
Missing input or output delay  
An output delay is missing on gradient_var_o[15] relative to the rising and/or falling clock edge(s) of clki.
Related violations: <none>

TIMING-18#67 Warning
Missing input or output delay  
An output delay is missing on gradient_var_o[1] relative to the rising and/or falling clock edge(s) of clki.
Related violations: <none>

TIMING-18#68 Warning
Missing input or output delay  
An output delay is missing on gradient_var_o[2] relative to the rising and/or falling clock edge(s) of clki.
Related violations: <none>

TIMING-18#69 Warning
Missing input or output delay  
An output delay is missing on gradient_var_o[3] relative to the rising and/or falling clock edge(s) of clki.
Related violations: <none>

TIMING-18#70 Warning
Missing input or output delay  
An output delay is missing on gradient_var_o[4] relative to the rising and/or falling clock edge(s) of clki.
Related violations: <none>

TIMING-18#71 Warning
Missing input or output delay  
An output delay is missing on gradient_var_o[5] relative to the rising and/or falling clock edge(s) of clki.
Related violations: <none>

TIMING-18#72 Warning
Missing input or output delay  
An output delay is missing on gradient_var_o[6] relative to the rising and/or falling clock edge(s) of clki.
Related violations: <none>

TIMING-18#73 Warning
Missing input or output delay  
An output delay is missing on gradient_var_o[7] relative to the rising and/or falling clock edge(s) of clki.
Related violations: <none>

TIMING-18#74 Warning
Missing input or output delay  
An output delay is missing on gradient_var_o[8] relative to the rising and/or falling clock edge(s) of clki.
Related violations: <none>

TIMING-18#75 Warning
Missing input or output delay  
An output delay is missing on gradient_var_o[9] relative to the rising and/or falling clock edge(s) of clki.
Related violations: <none>

TIMING-18#76 Warning
Missing input or output delay  
An output delay is missing on lapplacian_mean_o[0] relative to the rising and/or falling clock edge(s) of clki.
Related violations: <none>

TIMING-18#77 Warning
Missing input or output delay  
An output delay is missing on lapplacian_mean_o[10] relative to the rising and/or falling clock edge(s) of clki.
Related violations: <none>

TIMING-18#78 Warning
Missing input or output delay  
An output delay is missing on lapplacian_mean_o[11] relative to the rising and/or falling clock edge(s) of clki.
Related violations: <none>

TIMING-18#79 Warning
Missing input or output delay  
An output delay is missing on lapplacian_mean_o[12] relative to the rising and/or falling clock edge(s) of clki.
Related violations: <none>

TIMING-18#80 Warning
Missing input or output delay  
An output delay is missing on lapplacian_mean_o[13] relative to the rising and/or falling clock edge(s) of clki.
Related violations: <none>

TIMING-18#81 Warning
Missing input or output delay  
An output delay is missing on lapplacian_mean_o[14] relative to the rising and/or falling clock edge(s) of clki.
Related violations: <none>

TIMING-18#82 Warning
Missing input or output delay  
An output delay is missing on lapplacian_mean_o[15] relative to the rising and/or falling clock edge(s) of clki.
Related violations: <none>

TIMING-18#83 Warning
Missing input or output delay  
An output delay is missing on lapplacian_mean_o[1] relative to the rising and/or falling clock edge(s) of clki.
Related violations: <none>

TIMING-18#84 Warning
Missing input or output delay  
An output delay is missing on lapplacian_mean_o[2] relative to the rising and/or falling clock edge(s) of clki.
Related violations: <none>

TIMING-18#85 Warning
Missing input or output delay  
An output delay is missing on lapplacian_mean_o[3] relative to the rising and/or falling clock edge(s) of clki.
Related violations: <none>

TIMING-18#86 Warning
Missing input or output delay  
An output delay is missing on lapplacian_mean_o[4] relative to the rising and/or falling clock edge(s) of clki.
Related violations: <none>

TIMING-18#87 Warning
Missing input or output delay  
An output delay is missing on lapplacian_mean_o[5] relative to the rising and/or falling clock edge(s) of clki.
Related violations: <none>

TIMING-18#88 Warning
Missing input or output delay  
An output delay is missing on lapplacian_mean_o[6] relative to the rising and/or falling clock edge(s) of clki.
Related violations: <none>

TIMING-18#89 Warning
Missing input or output delay  
An output delay is missing on lapplacian_mean_o[7] relative to the rising and/or falling clock edge(s) of clki.
Related violations: <none>

TIMING-18#90 Warning
Missing input or output delay  
An output delay is missing on lapplacian_mean_o[8] relative to the rising and/or falling clock edge(s) of clki.
Related violations: <none>

TIMING-18#91 Warning
Missing input or output delay  
An output delay is missing on lapplacian_mean_o[9] relative to the rising and/or falling clock edge(s) of clki.
Related violations: <none>

TIMING-18#92 Warning
Missing input or output delay  
An output delay is missing on lapplacian_std_dev_o[0] relative to the rising and/or falling clock edge(s) of clki.
Related violations: <none>

TIMING-18#93 Warning
Missing input or output delay  
An output delay is missing on lapplacian_std_dev_o[10] relative to the rising and/or falling clock edge(s) of clki.
Related violations: <none>

TIMING-18#94 Warning
Missing input or output delay  
An output delay is missing on lapplacian_std_dev_o[11] relative to the rising and/or falling clock edge(s) of clki.
Related violations: <none>

TIMING-18#95 Warning
Missing input or output delay  
An output delay is missing on lapplacian_std_dev_o[12] relative to the rising and/or falling clock edge(s) of clki.
Related violations: <none>

TIMING-18#96 Warning
Missing input or output delay  
An output delay is missing on lapplacian_std_dev_o[13] relative to the rising and/or falling clock edge(s) of clki.
Related violations: <none>

TIMING-18#97 Warning
Missing input or output delay  
An output delay is missing on lapplacian_std_dev_o[14] relative to the rising and/or falling clock edge(s) of clki.
Related violations: <none>

TIMING-18#98 Warning
Missing input or output delay  
An output delay is missing on lapplacian_std_dev_o[15] relative to the rising and/or falling clock edge(s) of clki.
Related violations: <none>

TIMING-18#99 Warning
Missing input or output delay  
An output delay is missing on lapplacian_std_dev_o[1] relative to the rising and/or falling clock edge(s) of clki.
Related violations: <none>

TIMING-18#100 Warning
Missing input or output delay  
An output delay is missing on lapplacian_std_dev_o[2] relative to the rising and/or falling clock edge(s) of clki.
Related violations: <none>

TIMING-18#101 Warning
Missing input or output delay  
An output delay is missing on lapplacian_std_dev_o[3] relative to the rising and/or falling clock edge(s) of clki.
Related violations: <none>

TIMING-18#102 Warning
Missing input or output delay  
An output delay is missing on lapplacian_std_dev_o[4] relative to the rising and/or falling clock edge(s) of clki.
Related violations: <none>

TIMING-18#103 Warning
Missing input or output delay  
An output delay is missing on lapplacian_std_dev_o[5] relative to the rising and/or falling clock edge(s) of clki.
Related violations: <none>

TIMING-18#104 Warning
Missing input or output delay  
An output delay is missing on lapplacian_std_dev_o[6] relative to the rising and/or falling clock edge(s) of clki.
Related violations: <none>

TIMING-18#105 Warning
Missing input or output delay  
An output delay is missing on lapplacian_std_dev_o[7] relative to the rising and/or falling clock edge(s) of clki.
Related violations: <none>

TIMING-18#106 Warning
Missing input or output delay  
An output delay is missing on lapplacian_std_dev_o[8] relative to the rising and/or falling clock edge(s) of clki.
Related violations: <none>

TIMING-18#107 Warning
Missing input or output delay  
An output delay is missing on lapplacian_std_dev_o[9] relative to the rising and/or falling clock edge(s) of clki.
Related violations: <none>

TIMING-18#108 Warning
Missing input or output delay  
An output delay is missing on lapplacian_valid_o relative to the rising and/or falling clock edge(s) of clki.
Related violations: <none>

TIMING-18#109 Warning
Missing input or output delay  
An output delay is missing on lapplacian_var_o[0] relative to the rising and/or falling clock edge(s) of clki.
Related violations: <none>

TIMING-18#110 Warning
Missing input or output delay  
An output delay is missing on lapplacian_var_o[10] relative to the rising and/or falling clock edge(s) of clki.
Related violations: <none>

TIMING-18#111 Warning
Missing input or output delay  
An output delay is missing on lapplacian_var_o[11] relative to the rising and/or falling clock edge(s) of clki.
Related violations: <none>

TIMING-18#112 Warning
Missing input or output delay  
An output delay is missing on lapplacian_var_o[12] relative to the rising and/or falling clock edge(s) of clki.
Related violations: <none>

TIMING-18#113 Warning
Missing input or output delay  
An output delay is missing on lapplacian_var_o[13] relative to the rising and/or falling clock edge(s) of clki.
Related violations: <none>

TIMING-18#114 Warning
Missing input or output delay  
An output delay is missing on lapplacian_var_o[14] relative to the rising and/or falling clock edge(s) of clki.
Related violations: <none>

TIMING-18#115 Warning
Missing input or output delay  
An output delay is missing on lapplacian_var_o[15] relative to the rising and/or falling clock edge(s) of clki.
Related violations: <none>

TIMING-18#116 Warning
Missing input or output delay  
An output delay is missing on lapplacian_var_o[1] relative to the rising and/or falling clock edge(s) of clki.
Related violations: <none>

TIMING-18#117 Warning
Missing input or output delay  
An output delay is missing on lapplacian_var_o[2] relative to the rising and/or falling clock edge(s) of clki.
Related violations: <none>

TIMING-18#118 Warning
Missing input or output delay  
An output delay is missing on lapplacian_var_o[3] relative to the rising and/or falling clock edge(s) of clki.
Related violations: <none>

TIMING-18#119 Warning
Missing input or output delay  
An output delay is missing on lapplacian_var_o[4] relative to the rising and/or falling clock edge(s) of clki.
Related violations: <none>

TIMING-18#120 Warning
Missing input or output delay  
An output delay is missing on lapplacian_var_o[5] relative to the rising and/or falling clock edge(s) of clki.
Related violations: <none>

TIMING-18#121 Warning
Missing input or output delay  
An output delay is missing on lapplacian_var_o[6] relative to the rising and/or falling clock edge(s) of clki.
Related violations: <none>

TIMING-18#122 Warning
Missing input or output delay  
An output delay is missing on lapplacian_var_o[7] relative to the rising and/or falling clock edge(s) of clki.
Related violations: <none>

TIMING-18#123 Warning
Missing input or output delay  
An output delay is missing on lapplacian_var_o[8] relative to the rising and/or falling clock edge(s) of clki.
Related violations: <none>

TIMING-18#124 Warning
Missing input or output delay  
An output delay is missing on lapplacian_var_o[9] relative to the rising and/or falling clock edge(s) of clki.
Related violations: <none>

TIMING-20#1 Warning
Non-clocked latch  
The latch pixel_hold_reg_x_reg[0] cannot be properly analyzed as its control pin pixel_hold_reg_x_reg[0]/G is not reached by a timing clock
Related violations: <none>

TIMING-20#2 Warning
Non-clocked latch  
The latch pixel_hold_reg_x_reg[10] cannot be properly analyzed as its control pin pixel_hold_reg_x_reg[10]/G is not reached by a timing clock
Related violations: <none>

TIMING-20#3 Warning
Non-clocked latch  
The latch pixel_hold_reg_x_reg[11] cannot be properly analyzed as its control pin pixel_hold_reg_x_reg[11]/G is not reached by a timing clock
Related violations: <none>

TIMING-20#4 Warning
Non-clocked latch  
The latch pixel_hold_reg_x_reg[12] cannot be properly analyzed as its control pin pixel_hold_reg_x_reg[12]/G is not reached by a timing clock
Related violations: <none>

TIMING-20#5 Warning
Non-clocked latch  
The latch pixel_hold_reg_x_reg[13] cannot be properly analyzed as its control pin pixel_hold_reg_x_reg[13]/G is not reached by a timing clock
Related violations: <none>

TIMING-20#6 Warning
Non-clocked latch  
The latch pixel_hold_reg_x_reg[14] cannot be properly analyzed as its control pin pixel_hold_reg_x_reg[14]/G is not reached by a timing clock
Related violations: <none>

TIMING-20#7 Warning
Non-clocked latch  
The latch pixel_hold_reg_x_reg[15] cannot be properly analyzed as its control pin pixel_hold_reg_x_reg[15]/G is not reached by a timing clock
Related violations: <none>

TIMING-20#8 Warning
Non-clocked latch  
The latch pixel_hold_reg_x_reg[16] cannot be properly analyzed as its control pin pixel_hold_reg_x_reg[16]/G is not reached by a timing clock
Related violations: <none>

TIMING-20#9 Warning
Non-clocked latch  
The latch pixel_hold_reg_x_reg[17] cannot be properly analyzed as its control pin pixel_hold_reg_x_reg[17]/G is not reached by a timing clock
Related violations: <none>

TIMING-20#10 Warning
Non-clocked latch  
The latch pixel_hold_reg_x_reg[18] cannot be properly analyzed as its control pin pixel_hold_reg_x_reg[18]/G is not reached by a timing clock
Related violations: <none>

TIMING-20#11 Warning
Non-clocked latch  
The latch pixel_hold_reg_x_reg[19] cannot be properly analyzed as its control pin pixel_hold_reg_x_reg[19]/G is not reached by a timing clock
Related violations: <none>

TIMING-20#12 Warning
Non-clocked latch  
The latch pixel_hold_reg_x_reg[1] cannot be properly analyzed as its control pin pixel_hold_reg_x_reg[1]/G is not reached by a timing clock
Related violations: <none>

TIMING-20#13 Warning
Non-clocked latch  
The latch pixel_hold_reg_x_reg[20] cannot be properly analyzed as its control pin pixel_hold_reg_x_reg[20]/G is not reached by a timing clock
Related violations: <none>

TIMING-20#14 Warning
Non-clocked latch  
The latch pixel_hold_reg_x_reg[21] cannot be properly analyzed as its control pin pixel_hold_reg_x_reg[21]/G is not reached by a timing clock
Related violations: <none>

TIMING-20#15 Warning
Non-clocked latch  
The latch pixel_hold_reg_x_reg[22] cannot be properly analyzed as its control pin pixel_hold_reg_x_reg[22]/G is not reached by a timing clock
Related violations: <none>

TIMING-20#16 Warning
Non-clocked latch  
The latch pixel_hold_reg_x_reg[23] cannot be properly analyzed as its control pin pixel_hold_reg_x_reg[23]/G is not reached by a timing clock
Related violations: <none>

TIMING-20#17 Warning
Non-clocked latch  
The latch pixel_hold_reg_x_reg[24] cannot be properly analyzed as its control pin pixel_hold_reg_x_reg[24]/G is not reached by a timing clock
Related violations: <none>

TIMING-20#18 Warning
Non-clocked latch  
The latch pixel_hold_reg_x_reg[25] cannot be properly analyzed as its control pin pixel_hold_reg_x_reg[25]/G is not reached by a timing clock
Related violations: <none>

TIMING-20#19 Warning
Non-clocked latch  
The latch pixel_hold_reg_x_reg[26] cannot be properly analyzed as its control pin pixel_hold_reg_x_reg[26]/G is not reached by a timing clock
Related violations: <none>

TIMING-20#20 Warning
Non-clocked latch  
The latch pixel_hold_reg_x_reg[27] cannot be properly analyzed as its control pin pixel_hold_reg_x_reg[27]/G is not reached by a timing clock
Related violations: <none>

TIMING-20#21 Warning
Non-clocked latch  
The latch pixel_hold_reg_x_reg[28] cannot be properly analyzed as its control pin pixel_hold_reg_x_reg[28]/G is not reached by a timing clock
Related violations: <none>

TIMING-20#22 Warning
Non-clocked latch  
The latch pixel_hold_reg_x_reg[29] cannot be properly analyzed as its control pin pixel_hold_reg_x_reg[29]/G is not reached by a timing clock
Related violations: <none>

TIMING-20#23 Warning
Non-clocked latch  
The latch pixel_hold_reg_x_reg[2] cannot be properly analyzed as its control pin pixel_hold_reg_x_reg[2]/G is not reached by a timing clock
Related violations: <none>

TIMING-20#24 Warning
Non-clocked latch  
The latch pixel_hold_reg_x_reg[30] cannot be properly analyzed as its control pin pixel_hold_reg_x_reg[30]/G is not reached by a timing clock
Related violations: <none>

TIMING-20#25 Warning
Non-clocked latch  
The latch pixel_hold_reg_x_reg[31] cannot be properly analyzed as its control pin pixel_hold_reg_x_reg[31]/G is not reached by a timing clock
Related violations: <none>

TIMING-20#26 Warning
Non-clocked latch  
The latch pixel_hold_reg_x_reg[32] cannot be properly analyzed as its control pin pixel_hold_reg_x_reg[32]/G is not reached by a timing clock
Related violations: <none>

TIMING-20#27 Warning
Non-clocked latch  
The latch pixel_hold_reg_x_reg[33] cannot be properly analyzed as its control pin pixel_hold_reg_x_reg[33]/G is not reached by a timing clock
Related violations: <none>

TIMING-20#28 Warning
Non-clocked latch  
The latch pixel_hold_reg_x_reg[34] cannot be properly analyzed as its control pin pixel_hold_reg_x_reg[34]/G is not reached by a timing clock
Related violations: <none>

TIMING-20#29 Warning
Non-clocked latch  
The latch pixel_hold_reg_x_reg[35] cannot be properly analyzed as its control pin pixel_hold_reg_x_reg[35]/G is not reached by a timing clock
Related violations: <none>

TIMING-20#30 Warning
Non-clocked latch  
The latch pixel_hold_reg_x_reg[36] cannot be properly analyzed as its control pin pixel_hold_reg_x_reg[36]/G is not reached by a timing clock
Related violations: <none>

TIMING-20#31 Warning
Non-clocked latch  
The latch pixel_hold_reg_x_reg[37] cannot be properly analyzed as its control pin pixel_hold_reg_x_reg[37]/G is not reached by a timing clock
Related violations: <none>

TIMING-20#32 Warning
Non-clocked latch  
The latch pixel_hold_reg_x_reg[38] cannot be properly analyzed as its control pin pixel_hold_reg_x_reg[38]/G is not reached by a timing clock
Related violations: <none>

TIMING-20#33 Warning
Non-clocked latch  
The latch pixel_hold_reg_x_reg[39] cannot be properly analyzed as its control pin pixel_hold_reg_x_reg[39]/G is not reached by a timing clock
Related violations: <none>

TIMING-20#34 Warning
Non-clocked latch  
The latch pixel_hold_reg_x_reg[3] cannot be properly analyzed as its control pin pixel_hold_reg_x_reg[3]/G is not reached by a timing clock
Related violations: <none>

TIMING-20#35 Warning
Non-clocked latch  
The latch pixel_hold_reg_x_reg[40] cannot be properly analyzed as its control pin pixel_hold_reg_x_reg[40]/G is not reached by a timing clock
Related violations: <none>

TIMING-20#36 Warning
Non-clocked latch  
The latch pixel_hold_reg_x_reg[41] cannot be properly analyzed as its control pin pixel_hold_reg_x_reg[41]/G is not reached by a timing clock
Related violations: <none>

TIMING-20#37 Warning
Non-clocked latch  
The latch pixel_hold_reg_x_reg[42] cannot be properly analyzed as its control pin pixel_hold_reg_x_reg[42]/G is not reached by a timing clock
Related violations: <none>

TIMING-20#38 Warning
Non-clocked latch  
The latch pixel_hold_reg_x_reg[43] cannot be properly analyzed as its control pin pixel_hold_reg_x_reg[43]/G is not reached by a timing clock
Related violations: <none>

TIMING-20#39 Warning
Non-clocked latch  
The latch pixel_hold_reg_x_reg[44] cannot be properly analyzed as its control pin pixel_hold_reg_x_reg[44]/G is not reached by a timing clock
Related violations: <none>

TIMING-20#40 Warning
Non-clocked latch  
The latch pixel_hold_reg_x_reg[45] cannot be properly analyzed as its control pin pixel_hold_reg_x_reg[45]/G is not reached by a timing clock
Related violations: <none>

TIMING-20#41 Warning
Non-clocked latch  
The latch pixel_hold_reg_x_reg[46] cannot be properly analyzed as its control pin pixel_hold_reg_x_reg[46]/G is not reached by a timing clock
Related violations: <none>

TIMING-20#42 Warning
Non-clocked latch  
The latch pixel_hold_reg_x_reg[47] cannot be properly analyzed as its control pin pixel_hold_reg_x_reg[47]/G is not reached by a timing clock
Related violations: <none>

TIMING-20#43 Warning
Non-clocked latch  
The latch pixel_hold_reg_x_reg[48] cannot be properly analyzed as its control pin pixel_hold_reg_x_reg[48]/G is not reached by a timing clock
Related violations: <none>

TIMING-20#44 Warning
Non-clocked latch  
The latch pixel_hold_reg_x_reg[49] cannot be properly analyzed as its control pin pixel_hold_reg_x_reg[49]/G is not reached by a timing clock
Related violations: <none>

TIMING-20#45 Warning
Non-clocked latch  
The latch pixel_hold_reg_x_reg[4] cannot be properly analyzed as its control pin pixel_hold_reg_x_reg[4]/G is not reached by a timing clock
Related violations: <none>

TIMING-20#46 Warning
Non-clocked latch  
The latch pixel_hold_reg_x_reg[50] cannot be properly analyzed as its control pin pixel_hold_reg_x_reg[50]/G is not reached by a timing clock
Related violations: <none>

TIMING-20#47 Warning
Non-clocked latch  
The latch pixel_hold_reg_x_reg[51] cannot be properly analyzed as its control pin pixel_hold_reg_x_reg[51]/G is not reached by a timing clock
Related violations: <none>

TIMING-20#48 Warning
Non-clocked latch  
The latch pixel_hold_reg_x_reg[52] cannot be properly analyzed as its control pin pixel_hold_reg_x_reg[52]/G is not reached by a timing clock
Related violations: <none>

TIMING-20#49 Warning
Non-clocked latch  
The latch pixel_hold_reg_x_reg[53] cannot be properly analyzed as its control pin pixel_hold_reg_x_reg[53]/G is not reached by a timing clock
Related violations: <none>

TIMING-20#50 Warning
Non-clocked latch  
The latch pixel_hold_reg_x_reg[54] cannot be properly analyzed as its control pin pixel_hold_reg_x_reg[54]/G is not reached by a timing clock
Related violations: <none>

TIMING-20#51 Warning
Non-clocked latch  
The latch pixel_hold_reg_x_reg[55] cannot be properly analyzed as its control pin pixel_hold_reg_x_reg[55]/G is not reached by a timing clock
Related violations: <none>

TIMING-20#52 Warning
Non-clocked latch  
The latch pixel_hold_reg_x_reg[56] cannot be properly analyzed as its control pin pixel_hold_reg_x_reg[56]/G is not reached by a timing clock
Related violations: <none>

TIMING-20#53 Warning
Non-clocked latch  
The latch pixel_hold_reg_x_reg[57] cannot be properly analyzed as its control pin pixel_hold_reg_x_reg[57]/G is not reached by a timing clock
Related violations: <none>

TIMING-20#54 Warning
Non-clocked latch  
The latch pixel_hold_reg_x_reg[58] cannot be properly analyzed as its control pin pixel_hold_reg_x_reg[58]/G is not reached by a timing clock
Related violations: <none>

TIMING-20#55 Warning
Non-clocked latch  
The latch pixel_hold_reg_x_reg[59] cannot be properly analyzed as its control pin pixel_hold_reg_x_reg[59]/G is not reached by a timing clock
Related violations: <none>

TIMING-20#56 Warning
Non-clocked latch  
The latch pixel_hold_reg_x_reg[5] cannot be properly analyzed as its control pin pixel_hold_reg_x_reg[5]/G is not reached by a timing clock
Related violations: <none>

TIMING-20#57 Warning
Non-clocked latch  
The latch pixel_hold_reg_x_reg[60] cannot be properly analyzed as its control pin pixel_hold_reg_x_reg[60]/G is not reached by a timing clock
Related violations: <none>

TIMING-20#58 Warning
Non-clocked latch  
The latch pixel_hold_reg_x_reg[61] cannot be properly analyzed as its control pin pixel_hold_reg_x_reg[61]/G is not reached by a timing clock
Related violations: <none>

TIMING-20#59 Warning
Non-clocked latch  
The latch pixel_hold_reg_x_reg[62] cannot be properly analyzed as its control pin pixel_hold_reg_x_reg[62]/G is not reached by a timing clock
Related violations: <none>

TIMING-20#60 Warning
Non-clocked latch  
The latch pixel_hold_reg_x_reg[63] cannot be properly analyzed as its control pin pixel_hold_reg_x_reg[63]/G is not reached by a timing clock
Related violations: <none>

TIMING-20#61 Warning
Non-clocked latch  
The latch pixel_hold_reg_x_reg[64] cannot be properly analyzed as its control pin pixel_hold_reg_x_reg[64]/G is not reached by a timing clock
Related violations: <none>

TIMING-20#62 Warning
Non-clocked latch  
The latch pixel_hold_reg_x_reg[65] cannot be properly analyzed as its control pin pixel_hold_reg_x_reg[65]/G is not reached by a timing clock
Related violations: <none>

TIMING-20#63 Warning
Non-clocked latch  
The latch pixel_hold_reg_x_reg[66] cannot be properly analyzed as its control pin pixel_hold_reg_x_reg[66]/G is not reached by a timing clock
Related violations: <none>

TIMING-20#64 Warning
Non-clocked latch  
The latch pixel_hold_reg_x_reg[67] cannot be properly analyzed as its control pin pixel_hold_reg_x_reg[67]/G is not reached by a timing clock
Related violations: <none>

TIMING-20#65 Warning
Non-clocked latch  
The latch pixel_hold_reg_x_reg[68] cannot be properly analyzed as its control pin pixel_hold_reg_x_reg[68]/G is not reached by a timing clock
Related violations: <none>

TIMING-20#66 Warning
Non-clocked latch  
The latch pixel_hold_reg_x_reg[69] cannot be properly analyzed as its control pin pixel_hold_reg_x_reg[69]/G is not reached by a timing clock
Related violations: <none>

TIMING-20#67 Warning
Non-clocked latch  
The latch pixel_hold_reg_x_reg[6] cannot be properly analyzed as its control pin pixel_hold_reg_x_reg[6]/G is not reached by a timing clock
Related violations: <none>

TIMING-20#68 Warning
Non-clocked latch  
The latch pixel_hold_reg_x_reg[70] cannot be properly analyzed as its control pin pixel_hold_reg_x_reg[70]/G is not reached by a timing clock
Related violations: <none>

TIMING-20#69 Warning
Non-clocked latch  
The latch pixel_hold_reg_x_reg[71] cannot be properly analyzed as its control pin pixel_hold_reg_x_reg[71]/G is not reached by a timing clock
Related violations: <none>

TIMING-20#70 Warning
Non-clocked latch  
The latch pixel_hold_reg_x_reg[7] cannot be properly analyzed as its control pin pixel_hold_reg_x_reg[7]/G is not reached by a timing clock
Related violations: <none>

TIMING-20#71 Warning
Non-clocked latch  
The latch pixel_hold_reg_x_reg[8] cannot be properly analyzed as its control pin pixel_hold_reg_x_reg[8]/G is not reached by a timing clock
Related violations: <none>

TIMING-20#72 Warning
Non-clocked latch  
The latch pixel_hold_reg_x_reg[9] cannot be properly analyzed as its control pin pixel_hold_reg_x_reg[9]/G is not reached by a timing clock
Related violations: <none>

LATCH-1#1 Advisory
Existing latches in the design  
There are 72 latches found in the design. Inferred latches are often the result of HDL coding mistakes, such as incomplete if or case statements.
Related violations: <none>


