Copyright 1986-2022 Xilinx, Inc. All Rights Reserved. Copyright 2022-2023 Advanced Micro Devices, Inc. All Rights Reserved.
---------------------------------------------------------------------------------------------------------------------------------------------
| Tool Version : Vivado v.2023.2 (win64) Build 4029153 Fri Oct 13 20:14:34 MDT 2023
| Date         : Fri Jun  6 13:12:08 2025
| Host         : DESKTOP-U9NB2CD running 64-bit major release  (build 9200)
| Command      : report_control_sets -verbose -file top_control_sets_placed.rpt
| Design       : top
| Device       : xcku3p
---------------------------------------------------------------------------------------------------------------------------------------------

Control Set Information

Table of Contents
-----------------
1. Summary
2. Histogram
3. Flip-Flop Distribution
4. Detailed Control Set Information

1. Summary
----------

+----------------------------------------------------------+-------+
|                          Status                          | Count |
+----------------------------------------------------------+-------+
| Total control sets                                       |    81 |
|    Minimum number of control sets                        |    81 |
|    Addition due to synthesis replication                 |     0 |
|    Addition due to physical synthesis replication        |     0 |
| Unused register locations in slices containing registers |    48 |
+----------------------------------------------------------+-------+
* Control sets can be merged at opt_design using control_set_merge or merge_equivalent_drivers
** Run report_qor_suggestions for automated merging and remapping suggestions


2. Histogram
------------

+--------------------+-------+
|       Fanout       | Count |
+--------------------+-------+
| Total control sets |    81 |
| >= 0 to < 4        |     7 |
| >= 4 to < 6        |     4 |
| >= 6 to < 8        |     2 |
| >= 8 to < 10       |    10 |
| >= 10 to < 12      |     3 |
| >= 12 to < 14      |     3 |
| >= 14 to < 16      |     0 |
| >= 16              |    52 |
+--------------------+-------+
* Control sets can be remapped at either synth_design or opt_design


3. Flip-Flop Distribution
-------------------------

+--------------+-----------------------+------------------------+-----------------+--------------+
| Clock Enable | Synchronous Set/Reset | Asynchronous Set/Reset | Total Registers | Total Slices |
+--------------+-----------------------+------------------------+-----------------+--------------+
| No           | No                    | No                     |             249 |           68 |
| No           | No                    | Yes                    |            4713 |         1031 |
| No           | Yes                   | No                     |             204 |           53 |
| Yes          | No                    | No                     |             270 |           99 |
| Yes          | No                    | Yes                    |            5311 |         1276 |
| Yes          | Yes                   | No                     |             157 |           29 |
+--------------+-----------------------+------------------------+-----------------+--------------+


4. Detailed Control Set Information
-----------------------------------

+-------------------------------------+----------------------------------------------------------------------------------------------------------------------------------------+------------------------------------------------------------------------------------------------------------------------------------------------------------+------------------+----------------+--------------+
|             Clock Signal            |                                                              Enable Signal                                                             |                                                                      Set/Reset Signal                                                                      | Slice Load Count | Bel Load Count | Bels / Slice |
+-------------------------------------+----------------------------------------------------------------------------------------------------------------------------------------+------------------------------------------------------------------------------------------------------------------------------------------------------------+------------------+----------------+--------------+
|  ftdi_clk_i_IBUF_BUFG               |                                                                                                                                        | input_memory_fifo/input_cdc_fifo/U0/inst_fifo_gen/gconvfifo.rf/grf.rf/rstblk/ngwrdrst.grst.g7serrst.gsckt_wrst.xpm_cdc_sync_rst_inst_wrst/syncstages_ff[4] |                1 |              1 |         1.00 |
|  ftdi_clk_i_IBUF_BUFG               |                                                                                                                                        | input_memory_fifo/input_cdc_fifo/U0/inst_fifo_gen/gconvfifo.rf/grf.rf/rstblk/ngwrdrst.grst.g7serrst.gsckt_wrst.gic_rst.sckt_wr_rst_ic_reg_0                |                1 |              2 |         2.00 |
|  clocking_gen.sys_clk/inst/clk_out1 | gen_image_statistics.tile_selector/transfer_count[2]_i_1_n_0                                                                           | rst_i_IBUF_inst/O                                                                                                                                          |                1 |              3 |         3.00 |
| ~ftdi_clk_i_IBUF_BUFG               | ft600_send_recv/reg_ftdi_wr_n_i_1_n_0                                                                                                  | rst_i_IBUF_inst/O                                                                                                                                          |                1 |              3 |         3.00 |
|  clocking_gen.sys_clk/inst/clk_out1 | lossy_comp_core/core_1/row_dct/E[0]                                                                                                    | rst_i_IBUF_inst/O                                                                                                                                          |                1 |              3 |         3.00 |
|  clocking_gen.sys_clk/inst/clk_out1 | lossy_comp_core/core_0/row_dct/E[0]                                                                                                    | rst_i_IBUF_inst/O                                                                                                                                          |                1 |              3 |         3.00 |
|  clocking_gen.sys_clk/inst/clk_out1 | lossy_comp_core/core_2/row_dct/valid_o_reg_0[0]                                                                                        | rst_i_IBUF_inst/O                                                                                                                                          |                1 |              3 |         3.00 |
| ~ftdi_clk_i_IBUF_BUFG               | ft600_send_recv/ready_to_recieve_o                                                                                                     | rst_i_IBUF_inst/O                                                                                                                                          |                1 |              4 |         4.00 |
| ~ftdi_clk_i_IBUF_BUFG               | ft600_send_recv/reg_LED_data_out[3]_i_1_n_0                                                                                            | rst_i_IBUF_inst/O                                                                                                                                          |                1 |              4 |         4.00 |
|  clocking_gen.sys_clk/inst/clk_out1 |                                                                                                                                        | gen_image_statistics.image_statistics_core/statistics_core_laplacian/std_dev_sqrt/U0/i_synth/i_has_aresetn.i_reg_reset/opt_has_pipe.first_q                |                1 |              5 |         5.00 |
|  clocking_gen.sys_clk/inst/clk_out1 |                                                                                                                                        | gen_image_statistics.image_statistics_core/statistics_core_gradient/std_dev_sqrt/U0/i_synth/i_has_aresetn.i_reg_reset/opt_has_pipe.first_q                 |                1 |              5 |         5.00 |
|  clocking_gen.sys_clk/inst/clk_out1 | lossy_comp_core/core_0/pixel_transpose/FSM_onehot_rd_state_r[2]_i_1_n_0                                                                | ft600_send_recv/data_in_valid                                                                                                                              |                4 |              7 |         1.75 |
|  clocking_gen.sys_clk/inst/clk_out1 | lossy_comp_core/core_1/pixel_transpose/FSM_onehot_rd_state_r[2]_i_1__0_n_0                                                             | ft600_send_recv/data_in_valid                                                                                                                              |                1 |              7 |         7.00 |
|  clocking_gen.sys_clk/inst/clk_out1 | rgb_to_ycrcb/valid_delay/shift_reg_reg[0][12]_0                                                                                        | ft600_send_recv/ready_to_send_posedge_o_reg_1                                                                                                              |                6 |              8 |         1.33 |
|  clocking_gen.sys_clk/inst/clk_out1 | lossy_comp_core/core_2/pixel_transpose/FSM_onehot_rd_state_r[2]_i_1__1_n_0                                                             | ft600_send_recv/data_in_valid                                                                                                                              |                1 |              8 |         8.00 |
|  clocking_gen.sys_clk/inst/clk_out1 | lossy_comp_core/core_2/gen_subsample.pixel_subsampler_inst/valid_delay_reg/E[0]                                                        | rst_i_IBUF_inst/O                                                                                                                                          |                3 |              8 |         2.67 |
|  clocking_gen.sys_clk/inst/clk_out1 | lossy_comp_core/core_0/gen_subsample.pixel_subsampler_inst/valid_delay_reg/E[0]                                                        | rst_i_IBUF_inst/O                                                                                                                                          |                3 |              8 |         2.67 |
|  ftdi_clk_i_IBUF_BUFG               | ft600_send_recv/reg_ftdi_data_i[15]_i_1_n_0                                                                                            |                                                                                                                                                            |                3 |              8 |         2.67 |
|  ftdi_clk_i_IBUF_BUFG               | ft600_send_recv/reg_ftdi_data_i_n_0                                                                                                    |                                                                                                                                                            |                4 |              8 |         2.00 |
|  clocking_gen.sys_clk/inst/clk_out1 | gen_image_statistics.tile_selector/gradient_lsb_4                                                                                      | rst_i_IBUF_inst/O                                                                                                                                          |                3 |              8 |         2.67 |
|  clocking_gen.sys_clk/inst/clk_out1 | gen_image_statistics.tile_selector/laplacian_msb_1                                                                                     | rst_i_IBUF_inst/O                                                                                                                                          |                2 |              8 |         4.00 |
|  clocking_gen.sys_clk/inst/clk_out1 | gen_image_statistics.tile_selector/gradient_msb_3                                                                                      | rst_i_IBUF_inst/O                                                                                                                                          |                4 |              8 |         2.00 |
|  clocking_gen.sys_clk/inst/clk_out1 | gen_image_statistics.tile_selector/laplacian_lsb_2                                                                                     | rst_i_IBUF_inst/O                                                                                                                                          |                2 |              8 |         4.00 |
|  clocking_gen.sys_clk/inst/clk_out1 |                                                                                                                                        | input_memory_fifo/input_cdc_fifo/U0/inst_fifo_gen/gconvfifo.rf/grf.rf/rstblk/SR[0]                                                                         |                3 |             11 |         3.67 |
|  clocking_gen.sys_clk/inst/clk_out1 | gen_image_statistics.image_statistics_core/laplacian_core/valid_x                                                                      | ft600_send_recv/ready_to_send_posedge_o_reg_1                                                                                                              |                3 |             11 |         3.67 |
|  clocking_gen.sys_clk/inst/clk_out1 | gen_image_statistics.image_statistics_core/gradient_core/valid_x                                                                       | ft600_send_recv/ready_to_send_posedge_o_reg_1                                                                                                              |                6 |             11 |         1.83 |
|  clocking_gen.sys_clk/inst/clk_out1 | lossy_comp_core/core_1/pixel_transpose/FSM_onehot_wr_state_r[2]_i_1__0_n_0                                                             | ft600_send_recv/data_in_valid                                                                                                                              |                6 |             13 |         2.17 |
|  clocking_gen.sys_clk/inst/clk_out1 | lossy_comp_core/core_0/pixel_transpose/FSM_onehot_wr_state_r[2]_i_1_n_0                                                                | ft600_send_recv/data_in_valid                                                                                                                              |                8 |             13 |         1.62 |
|  clocking_gen.sys_clk/inst/clk_out1 | lossy_comp_core/core_2/pixel_transpose/FSM_onehot_wr_state_r[2]_i_1__1_n_0                                                             | ft600_send_recv/data_in_valid                                                                                                                              |                5 |             13 |         2.60 |
|  clocking_gen.sys_clk/inst/clk_out1 | gen_image_statistics.image_statistics_core/statistics_core_gradient/mean_valid_p/E[0]                                                  | ft600_send_recv/ready_to_send_posedge_o_reg_1                                                                                                              |                5 |             16 |         3.20 |
|  clocking_gen.sys_clk/inst/clk_out1 | gen_image_statistics.image_statistics_core/statistics_core_gradient/hsum_valid_p/Q[0]                                                  | ft600_send_recv/ready_to_send_posedge_o_reg_1                                                                                                              |                4 |             16 |         4.00 |
|  clocking_gen.sys_clk/inst/clk_out1 | gen_image_statistics.image_statistics_core/statistics_core_laplacian/mean_valid_p/E[0]                                                 | ft600_send_recv/ready_to_send_posedge_o_reg_1                                                                                                              |                2 |             16 |         8.00 |
|  clocking_gen.sys_clk/inst/clk_out1 | gen_image_statistics.image_statistics_core/statistics_core_laplacian/hsum_valid_p/Q[0]                                                 | ft600_send_recv/ready_to_send_posedge_o_reg_1                                                                                                              |                4 |             16 |         4.00 |
|  clocking_gen.sys_clk/inst/clk_out1 | gen_image_statistics.image_statistics_core/statistics_core_gradient/vsum_valid_p/Q[0]                                                  | ft600_send_recv/ready_to_send_posedge_o_reg_1                                                                                                              |                3 |             20 |         6.67 |
|  clocking_gen.sys_clk/inst/clk_out1 | input_memory_fifo/input_cdc_fifo/U0/inst_fifo_gen/gconvfifo.rf/grf.rf/gntv_or_sync_fifo.gl0.rd/gr1.gr1_int.rfwft/ram_empty_fb_i_reg[0] | input_memory_fifo/input_cdc_fifo/U0/inst_fifo_gen/gconvfifo.rf/grf.rf/rstblk/SR[0]                                                                         |                4 |             20 |         5.00 |
|  clocking_gen.sys_clk/inst/clk_out1 | gen_image_statistics.image_statistics_core/statistics_core_laplacian/vsum_valid_p/Q[0]                                                 | ft600_send_recv/ready_to_send_posedge_o_reg_1                                                                                                              |                3 |             20 |         6.67 |
|  clocking_gen.sys_clk/inst/clk_out1 |                                                                                                                                        | gen_image_statistics.image_statistics_core/laplacian_core/valid_o                                                                                          |                7 |             22 |         3.14 |
|  clocking_gen.sys_clk/inst/clk_out1 |                                                                                                                                        | gen_image_statistics.image_statistics_core/gradient_core/valid_o                                                                                           |                8 |             22 |         2.75 |
|  clocking_gen.sys_clk/inst/clk_out1 | input_memory_fifo/E[0]                                                                                                                 | rst_i_IBUF_inst/O                                                                                                                                          |                7 |             24 |         3.43 |
|  ftdi_clk_i_IBUF_BUFG               | ft600_send_recv/ready_to_recieve_o_reg_0[0]                                                                                            | rst_i_IBUF_inst/O                                                                                                                                          |                4 |             24 |         6.00 |
|  clocking_gen.sys_clk/inst/clk_out1 | input_memory_fifo/rd_en_delay/E[0]                                                                                                     | rst_i_IBUF_inst/O                                                                                                                                          |                7 |             32 |         4.57 |
|  clocking_gen.sys_clk/inst/clk_out1 | gen_image_statistics.tile_selector/gradient_threshold_0                                                                                | rst_i_IBUF_inst/O                                                                                                                                          |                7 |             32 |         4.57 |
|  clocking_gen.sys_clk/inst/clk_out1 | lossy_comp_core/core_2/pixel_transpose/wr_counter_r                                                                                    | ft600_send_recv/data_in_valid                                                                                                                              |               10 |             32 |         3.20 |
|  clocking_gen.sys_clk/inst/clk_out1 | lossy_comp_core/core_0/pixel_transpose/wr_counter_r                                                                                    | ft600_send_recv/data_in_valid                                                                                                                              |                9 |             32 |         3.56 |
|  clocking_gen.sys_clk/inst/clk_out1 | input_memory_fifo/input_cdc_fifo/U0/inst_fifo_gen/gconvfifo.rf/grf.rf/gntv_or_sync_fifo.gl0.rd/gr1.gr1_int.rfwft/E[0]                  | input_memory_fifo/input_cdc_fifo/U0/inst_fifo_gen/gconvfifo.rf/grf.rf/rstblk/SR[0]                                                                         |                7 |             32 |         4.57 |
|  clocking_gen.sys_clk/inst/clk_out1 | lossy_comp_core/core_1/pixel_transpose/wr_counter_r                                                                                    | ft600_send_recv/data_in_valid                                                                                                                              |                7 |             32 |         4.57 |
|  ftdi_clk_i_IBUF_BUFG               | input_memory_fifo/input_cdc_fifo/U0/inst_fifo_gen/gconvfifo.rf/grf.rf/gntv_or_sync_fifo.gl0.wr/gwas.wsts/E[0]                          | input_memory_fifo/input_cdc_fifo/U0/inst_fifo_gen/gconvfifo.rf/grf.rf/rstblk/ngwrdrst.grst.g7serrst.gsckt_wrst.gic_rst.sckt_wr_rst_ic_reg_0                |                4 |             33 |         8.25 |
|  clocking_gen.sys_clk/inst/clk_out1 | ft600_send_recv/aresetn                                                                                                                |                                                                                                                                                            |               12 |             35 |         2.92 |
| ~ftdi_clk_i_IBUF_BUFG               | ft600_send_recv/temp_LED_data_0                                                                                                        | rst_i_IBUF_inst/O                                                                                                                                          |                8 |             36 |         4.50 |
|  clocking_gen.sys_clk/inst/clk_out1 | lossy_comp_core/core_2/quantizer/E[0]                                                                                                  | rst_i_IBUF_inst/O                                                                                                                                          |                8 |             41 |         5.12 |
| ~ftdi_clk_i_IBUF_BUFG               |                                                                                                                                        | rst_i_IBUF_inst/O                                                                                                                                          |               12 |             47 |         3.92 |
|  clocking_gen.sys_clk/inst/clk_out1 | lossy_comp_core/core_0/gen_subsample.input_sipo_reg/data_o                                                                             | rst_i_IBUF_inst/O                                                                                                                                          |               13 |             64 |         4.92 |
|  clocking_gen.sys_clk/inst/clk_out1 | lossy_comp_core/core_1/gen_subsample.input_valid_delay_reg/Q[0]                                                                        | rst_i_IBUF_inst/O                                                                                                                                          |               18 |             64 |         3.56 |
|  clocking_gen.sys_clk/inst/clk_out1 | lossy_comp_core/core_0/gen_subsample.pixel_subsampler_inst/E[0]                                                                        | rst_i_IBUF_inst/O                                                                                                                                          |               12 |             64 |         5.33 |
|  clocking_gen.sys_clk/inst/clk_out1 | lossy_comp_core/core_1/gen_subsample.input_sipo_reg/data_o                                                                             | rst_i_IBUF_inst/O                                                                                                                                          |               16 |             64 |         4.00 |
|  clocking_gen.sys_clk/inst/clk_out1 | lossy_comp_core/core_2/gen_subsample.input_sipo_reg/data_o                                                                             | rst_i_IBUF_inst/O                                                                                                                                          |               11 |             64 |         5.82 |
|  clocking_gen.sys_clk/inst/clk_out1 | lossy_comp_core/core_2/gen_subsample.pixel_subsampler_inst/E[0]                                                                        | rst_i_IBUF_inst/O                                                                                                                                          |               11 |             64 |         5.82 |
|  clocking_gen.sys_clk/inst/clk_out1 | lossy_comp_core/core_0/pixel_divider/valid_delay/Q[0]                                                                                  | rst_i_IBUF_inst/O                                                                                                                                          |               25 |             72 |         2.88 |
|  clocking_gen.sys_clk/inst/clk_out1 | lossy_comp_core/core_2/pixel_divider/valid_delay/Q[0]                                                                                  | rst_i_IBUF_inst/O                                                                                                                                          |               27 |             72 |         2.67 |
|  clocking_gen.sys_clk/inst/clk_out1 | gen_image_statistics.image_statistics_core/valid_x                                                                                     | ft600_send_recv/ready_to_send_posedge_o_reg_1                                                                                                              |               17 |             72 |         4.24 |
|  clocking_gen.sys_clk/inst/clk_out1 | lossy_comp_core/core_1/pixel_divider/valid_delay/Q[0]                                                                                  | rst_i_IBUF_inst/O                                                                                                                                          |               31 |             72 |         2.32 |
|  clocking_gen.sys_clk/inst/clk_out1 | gen_image_statistics.image_statistics_core/input_sipo/data_o[71]_i_1__4_n_0                                                            | ft600_send_recv/ready_to_send_posedge_o_reg_1                                                                                                              |               20 |             72 |         3.60 |
|  clocking_gen.sys_clk/inst/clk_out1 | lossy_comp_core/core_1/col_dct/valid_delay/E[0]                                                                                        | rst_i_IBUF_inst/O                                                                                                                                          |               30 |             80 |         2.67 |
|  clocking_gen.sys_clk/inst/clk_out1 | lossy_comp_core/core_2/col_dct/valid_delay/E[0]                                                                                        | rst_i_IBUF_inst/O                                                                                                                                          |               26 |             80 |         3.08 |
|  clocking_gen.sys_clk/inst/clk_out1 | lossy_comp_core/core_0/col_dct/valid_delay/E[0]                                                                                        | rst_i_IBUF_inst/O                                                                                                                                          |               29 |             80 |         2.76 |
|  ftdi_clk_i_IBUF_BUFG               |                                                                                                                                        |                                                                                                                                                            |               24 |             93 |         3.88 |
|  clocking_gen.sys_clk/inst/clk_out1 | lossy_comp_core/core_0/row_dct/valid_delay/E[0]                                                                                        | rst_i_IBUF_inst/O                                                                                                                                          |               51 |             96 |         1.88 |
|  clocking_gen.sys_clk/inst/clk_out1 | lossy_comp_core/core_1/row_dct/valid_delay/E[0]                                                                                        | rst_i_IBUF_inst/O                                                                                                                                          |               56 |             96 |         1.71 |
|  clocking_gen.sys_clk/inst/clk_out1 | lossy_comp_core/core_2/row_dct/valid_delay/E[0]                                                                                        | rst_i_IBUF_inst/O                                                                                                                                          |               52 |             96 |         1.85 |
|  clocking_gen.sys_clk/inst/clk_out1 | gen_image_statistics.image_statistics_core/input_sipo/valid_o                                                                          | ft600_send_recv/ready_to_send_posedge_o_reg_1                                                                                                              |               40 |            104 |         2.60 |
|  clocking_gen.sys_clk/inst/clk_out1 | rst_i_IBUF_inst/O                                                                                                                      |                                                                                                                                                            |               80 |            219 |         2.74 |
|  clocking_gen.sys_clk/inst/clk_out1 |                                                                                                                                        |                                                                                                                                                            |               55 |            244 |         4.44 |
|  clocking_gen.sys_clk/inst/clk_out1 |                                                                                                                                        | ft600_send_recv/data_in_valid                                                                                                                              |              400 |            540 |         1.35 |
|  clocking_gen.sys_clk/inst/clk_out1 | lossy_comp_core/core_0/pixel_transpose/pixel_bank_0                                                                                    | ft600_send_recv/data_in_valid                                                                                                                              |              192 |            576 |         3.00 |
|  clocking_gen.sys_clk/inst/clk_out1 | lossy_comp_core/core_1/pixel_transpose/pixel_bank_1                                                                                    | ft600_send_recv/data_in_valid                                                                                                                              |              190 |            576 |         3.03 |
|  clocking_gen.sys_clk/inst/clk_out1 | lossy_comp_core/core_1/pixel_transpose/pixel_bank_0                                                                                    | ft600_send_recv/data_in_valid                                                                                                                              |              186 |            576 |         3.10 |
|  clocking_gen.sys_clk/inst/clk_out1 | lossy_comp_core/core_0/pixel_transpose/pixel_bank_1                                                                                    | ft600_send_recv/data_in_valid                                                                                                                              |              194 |            576 |         2.97 |
|  clocking_gen.sys_clk/inst/clk_out1 | lossy_comp_core/core_2/pixel_transpose/pixel_bank_0                                                                                    | ft600_send_recv/data_in_valid                                                                                                                              |              214 |            576 |         2.69 |
|  clocking_gen.sys_clk/inst/clk_out1 | lossy_comp_core/core_2/pixel_transpose/pixel_bank_1                                                                                    | ft600_send_recv/data_in_valid                                                                                                                              |              191 |            576 |         3.02 |
|  clocking_gen.sys_clk/inst/clk_out1 |                                                                                                                                        | ft600_send_recv/ready_to_send_posedge_o_reg_1                                                                                                              |              149 |            892 |         5.99 |
|  clocking_gen.sys_clk/inst/clk_out1 |                                                                                                                                        | rst_i_IBUF_inst/O                                                                                                                                          |              521 |           3370 |         6.47 |
+-------------------------------------+----------------------------------------------------------------------------------------------------------------------------------------+------------------------------------------------------------------------------------------------------------------------------------------------------------+------------------+----------------+--------------+


